Archive member included because of file (symbol)

c:/winavr-20100110/bin/../lib/gcc/avr/4.3.3/../../../../avr/lib/avr51\libc.a(exit.o)
                              c:/winavr-20100110/bin/../lib/gcc/avr/4.3.3/../../../../avr/lib/avr51/crtm128.o (exit)
c:/winavr-20100110/bin/../lib/gcc/avr/4.3.3/avr51\libgcc.a(_udivmodqi4.o)
                              uart.o (__udivmodqi4)
c:/winavr-20100110/bin/../lib/gcc/avr/4.3.3/avr51\libgcc.a(_udivmodhi4.o)
                              uart.o (__udivmodhi4)
c:/winavr-20100110/bin/../lib/gcc/avr/4.3.3/avr51\libgcc.a(_udivmodsi4.o)
                              uart.o (__udivmodsi4)
c:/winavr-20100110/bin/../lib/gcc/avr/4.3.3/avr51\libgcc.a(_exit.o)
                              c:/winavr-20100110/bin/../lib/gcc/avr/4.3.3/../../../../avr/lib/avr51\libc.a(exit.o) (_exit)
c:/winavr-20100110/bin/../lib/gcc/avr/4.3.3/avr51\libgcc.a(_clear_bss.o)
                              main.o (__do_clear_bss)

Allocating common symbols
Common symbol       size              file

pContext            0x34              main.o
CoordinateZ         0x100             Packet.o
PAGEcnt             0x1               Packet.o
YCD                 0x1               Stepmotor.o
moveflag            0x1               main.o
nYCD                0x1               Stepmotor.o
CoordinateX         0x100             Packet.o
XCD                 0x1               Stepmotor.o
nXCD                0x1               Stepmotor.o
pPacket             0x3a              main.o
CoordinateY         0x100             Packet.o

Memory Configuration

Name             Origin             Length             Attributes
text             0x00000000         0x00020000         xr
data             0x00800060         0x0000ffa0         rw !x
eeprom           0x00810000         0x00010000         rw !x
fuse             0x00820000         0x00000400         rw !x
lock             0x00830000         0x00000400         rw !x
signature        0x00840000         0x00000400         rw !x
*default*        0x00000000         0xffffffff

Linker script and memory map

Address of section .data set to 0x800100
LOAD c:/winavr-20100110/bin/../lib/gcc/avr/4.3.3/../../../../avr/lib/avr51/crtm128.o
LOAD main.o
LOAD timer.o
LOAD uart.o
LOAD Packet.o
LOAD Stepmotor.o
LOAD c:/winavr-20100110/bin/../lib/gcc/avr/4.3.3/../../../../avr/lib/avr51\libc.a
LOAD c:/winavr-20100110/bin/../lib/gcc/avr/4.3.3/../../../../avr/lib/avr51\libm.a
LOAD c:/winavr-20100110/bin/../lib/gcc/avr/4.3.3/../../../../avr/lib/avr51\libobjc.a
LOAD c:/winavr-20100110/bin/../lib/gcc/avr/4.3.3/avr51\libgcc.a
LOAD c:/winavr-20100110/bin/../lib/gcc/avr/4.3.3/../../../../avr/lib/avr51\libc.a
LOAD c:/winavr-20100110/bin/../lib/gcc/avr/4.3.3/avr51\libgcc.a

.hash
 *(.hash)

.dynsym
 *(.dynsym)

.dynstr
 *(.dynstr)

.gnu.version
 *(.gnu.version)

.gnu.version_d
 *(.gnu.version_d)

.gnu.version_r
 *(.gnu.version_r)

.rel.init
 *(.rel.init)

.rela.init
 *(.rela.init)

.rel.text
 *(.rel.text)
 *(.rel.text.*)
 *(.rel.gnu.linkonce.t*)

.rela.text
 *(.rela.text)
 *(.rela.text.*)
 *(.rela.gnu.linkonce.t*)

.rel.fini
 *(.rel.fini)

.rela.fini
 *(.rela.fini)

.rel.rodata
 *(.rel.rodata)
 *(.rel.rodata.*)
 *(.rel.gnu.linkonce.r*)

.rela.rodata
 *(.rela.rodata)
 *(.rela.rodata.*)
 *(.rela.gnu.linkonce.r*)

.rel.data
 *(.rel.data)
 *(.rel.data.*)
 *(.rel.gnu.linkonce.d*)

.rela.data
 *(.rela.data)
 *(.rela.data.*)
 *(.rela.gnu.linkonce.d*)

.rel.ctors
 *(.rel.ctors)

.rela.ctors
 *(.rela.ctors)

.rel.dtors
 *(.rel.dtors)

.rela.dtors
 *(.rela.dtors)

.rel.got
 *(.rel.got)

.rela.got
 *(.rela.got)

.rel.bss
 *(.rel.bss)

.rela.bss
 *(.rela.bss)

.rel.plt
 *(.rel.plt)

.rela.plt
 *(.rela.plt)

.text           0x00000000      0xd7a
 *(.vectors)
 .vectors       0x00000000       0x8c c:/winavr-20100110/bin/../lib/gcc/avr/4.3.3/../../../../avr/lib/avr51/crtm128.o
                0x00000000                __vectors
                0x00000000                __vector_default
 *(.vectors)
 *(.progmem.gcc*)
 *(.progmem*)
                0x0000008c                . = ALIGN (0x2)
                0x0000008c                __trampolines_start = .
 *(.trampolines)
 .trampolines   0x0000008c        0x0 linker stubs
 *(.trampolines*)
                0x0000008c                __trampolines_end = .
 *(.jumptables)
 *(.jumptables*)
 *(.lowtext)
 *(.lowtext*)
                0x0000008c                __ctors_start = .
 *(.ctors)
                0x0000008c                __ctors_end = .
                0x0000008c                __dtors_start = .
 *(.dtors)
                0x0000008c                __dtors_end = .
 SORT(*)(.ctors)
 SORT(*)(.dtors)
 *(.init0)
 .init0         0x0000008c        0x0 c:/winavr-20100110/bin/../lib/gcc/avr/4.3.3/../../../../avr/lib/avr51/crtm128.o
                0x0000008c                __init
 *(.init0)
 *(.init1)
 *(.init1)
 *(.init2)
 .init2         0x0000008c        0xc c:/winavr-20100110/bin/../lib/gcc/avr/4.3.3/../../../../avr/lib/avr51/crtm128.o
 *(.init2)
 *(.init3)
 *(.init3)
 *(.init4)
 .init4         0x00000098       0x1a c:/winavr-20100110/bin/../lib/gcc/avr/4.3.3/../../../../avr/lib/avr51/crtm128.o
                0x00000098                __do_copy_data
 .init4         0x000000b2       0x10 c:/winavr-20100110/bin/../lib/gcc/avr/4.3.3/avr51\libgcc.a(_clear_bss.o)
                0x000000b2                __do_clear_bss
 *(.init4)
 *(.init5)
 *(.init5)
 *(.init6)
 *(.init6)
 *(.init7)
 *(.init7)
 *(.init8)
 *(.init8)
 *(.init9)
 .init9         0x000000c2        0x8 c:/winavr-20100110/bin/../lib/gcc/avr/4.3.3/../../../../avr/lib/avr51/crtm128.o
 *(.init9)
 *(.text)
 .text          0x000000ca        0x4 c:/winavr-20100110/bin/../lib/gcc/avr/4.3.3/../../../../avr/lib/avr51/crtm128.o
                0x000000ca                __vector_22
                0x000000ca                __vector_28
                0x000000ca                __vector_1
                0x000000ca                __vector_32
                0x000000ca                __vector_34
                0x000000ca                __vector_24
                0x000000ca                __vector_12
                0x000000ca                __bad_interrupt
                0x000000ca                __vector_6
                0x000000ca                __vector_31
                0x000000ca                __vector_3
                0x000000ca                __vector_23
                0x000000ca                __vector_30
                0x000000ca                __vector_25
                0x000000ca                __vector_11
                0x000000ca                __vector_13
                0x000000ca                __vector_17
                0x000000ca                __vector_19
                0x000000ca                __vector_7
                0x000000ca                __vector_27
                0x000000ca                __vector_5
                0x000000ca                __vector_33
                0x000000ca                __vector_4
                0x000000ca                __vector_9
                0x000000ca                __vector_2
                0x000000ca                __vector_21
                0x000000ca                __vector_15
                0x000000ca                __vector_29
                0x000000ca                __vector_8
                0x000000ca                __vector_26
                0x000000ca                __vector_10
                0x000000ca                __vector_16
                0x000000ca                __vector_20
 .text          0x000000ce      0x1f0 main.o
                0x000000f2                Init_Main
                0x00000148                main
                0x000000ce                __vector_14
                0x000001ee                __vector_18
 .text          0x000002be       0x68 timer.o
                0x000002be                Init_Timer
                0x0000030e                Init_Timer3
                0x000002f0                Init_Timer1
                0x00000300                Init_Timer2
                0x000002e4                Init_Timer0
 .text          0x00000326      0x4e4 uart.o
                0x00000326                Init_Uart
                0x00000770                Uart_WordToHexPutch
                0x0000060a                Uart_U16Bit_PutNum_Substance
                0x0000039c                Uart_Getch
                0x000003be                Uart_Putch
                0x000004be                Uart_U10Bit_PutNum
                0x000003de                Uart_Print
                0x000006fa                Uart_ByteToHexPutch
                0x0000045a                Uart_U08Bit_PutNum_Substance
                0x0000052a                Uart_U10Bit_PutNum3
                0x0000040e                Uart_U08Bit_PutNum
                0x00000584                Uart_U16Bit_PutNum
 .text          0x0000080a      0x300 Packet.o
                0x0000080a                Checksum
                0x0000087a                proc_packet_command
                0x00000a60                PacketManager
                0x0000084a                proc_packet_error
                0x0000084c                SendRequestPacket
                0x00000a48                Init_packet
 .text          0x00000b0a      0x1e2 Stepmotor.o
                0x00000b9a                Moving_XYCoordinate
                0x00000b5c                Moving_StartPoint
                0x00000b5a                Position_Homing
                0x00000b32                Y_StepMotor_Move_1step
                0x00000b0a                X_StepMotor_Move_1step
 .text          0x00000cec        0x0 c:/winavr-20100110/bin/../lib/gcc/avr/4.3.3/../../../../avr/lib/avr51\libc.a(exit.o)
 .text          0x00000cec        0x0 c:/winavr-20100110/bin/../lib/gcc/avr/4.3.3/avr51\libgcc.a(_udivmodqi4.o)
 .text          0x00000cec        0x0 c:/winavr-20100110/bin/../lib/gcc/avr/4.3.3/avr51\libgcc.a(_udivmodhi4.o)
 .text          0x00000cec        0x0 c:/winavr-20100110/bin/../lib/gcc/avr/4.3.3/avr51\libgcc.a(_udivmodsi4.o)
 .text          0x00000cec        0x0 c:/winavr-20100110/bin/../lib/gcc/avr/4.3.3/avr51\libgcc.a(_exit.o)
 .text          0x00000cec        0x0 c:/winavr-20100110/bin/../lib/gcc/avr/4.3.3/avr51\libgcc.a(_clear_bss.o)
                0x00000cec                . = ALIGN (0x2)
 *(.text.*)
 .text.avr-libc
                0x00000cec        0x6 c:/winavr-20100110/bin/../lib/gcc/avr/4.3.3/../../../../avr/lib/avr51\libc.a(exit.o)
                0x00000cec                exit
 .text.libgcc   0x00000cf2       0x18 c:/winavr-20100110/bin/../lib/gcc/avr/4.3.3/avr51\libgcc.a(_udivmodqi4.o)
                0x00000cf2                __udivmodqi4
 .text.libgcc   0x00000d0a       0x28 c:/winavr-20100110/bin/../lib/gcc/avr/4.3.3/avr51\libgcc.a(_udivmodhi4.o)
                0x00000d0a                __udivmodhi4
 .text.libgcc   0x00000d32       0x44 c:/winavr-20100110/bin/../lib/gcc/avr/4.3.3/avr51\libgcc.a(_udivmodsi4.o)
                0x00000d32                __udivmodsi4
 .text.libgcc   0x00000d76        0x0 c:/winavr-20100110/bin/../lib/gcc/avr/4.3.3/avr51\libgcc.a(_exit.o)
 .text.libgcc   0x00000d76        0x0 c:/winavr-20100110/bin/../lib/gcc/avr/4.3.3/avr51\libgcc.a(_clear_bss.o)
                0x00000d76                . = ALIGN (0x2)
 *(.fini9)
 .fini9         0x00000d76        0x0 c:/winavr-20100110/bin/../lib/gcc/avr/4.3.3/avr51\libgcc.a(_exit.o)
                0x00000d76                _exit
 *(.fini9)
 *(.fini8)
 *(.fini8)
 *(.fini7)
 *(.fini7)
 *(.fini6)
 *(.fini6)
 *(.fini5)
 *(.fini5)
 *(.fini4)
 *(.fini4)
 *(.fini3)
 *(.fini3)
 *(.fini2)
 *(.fini2)
 *(.fini1)
 *(.fini1)
 *(.fini0)
 .fini0         0x00000d76        0x4 c:/winavr-20100110/bin/../lib/gcc/avr/4.3.3/avr51\libgcc.a(_exit.o)
 *(.fini0)
                0x00000d7a                _etext = .

.data           0x00800100       0x3e load address 0x00000d7a
                0x00800100                PROVIDE (__data_start, .)
 *(.data)
 .data          0x00800100        0x0 c:/winavr-20100110/bin/../lib/gcc/avr/4.3.3/../../../../avr/lib/avr51/crtm128.o
 .data          0x00800100       0x1d main.o
 .data          0x0080011d        0x0 timer.o
 .data          0x0080011d       0x20 uart.o
 .data          0x0080013d        0x0 Packet.o
 .data          0x0080013d        0x0 Stepmotor.o
 .data          0x0080013d        0x0 c:/winavr-20100110/bin/../lib/gcc/avr/4.3.3/../../../../avr/lib/avr51\libc.a(exit.o)
 .data          0x0080013d        0x0 c:/winavr-20100110/bin/../lib/gcc/avr/4.3.3/avr51\libgcc.a(_udivmodqi4.o)
 .data          0x0080013d        0x0 c:/winavr-20100110/bin/../lib/gcc/avr/4.3.3/avr51\libgcc.a(_udivmodhi4.o)
 .data          0x0080013d        0x0 c:/winavr-20100110/bin/../lib/gcc/avr/4.3.3/avr51\libgcc.a(_udivmodsi4.o)
 .data          0x0080013d        0x0 c:/winavr-20100110/bin/../lib/gcc/avr/4.3.3/avr51\libgcc.a(_exit.o)
 .data          0x0080013d        0x0 c:/winavr-20100110/bin/../lib/gcc/avr/4.3.3/avr51\libgcc.a(_clear_bss.o)
 *(.data*)
 *(.rodata)
 *(.rodata*)
 *(.gnu.linkonce.d*)
                0x0080013e                . = ALIGN (0x2)
 *fill*         0x0080013d        0x1 00
                0x0080013e                _edata = .
                0x0080013e                PROVIDE (__data_end, .)

.bss            0x0080013e      0x37c
                0x0080013e                PROVIDE (__bss_start, .)
 *(.bss)
 .bss           0x0080013e        0x0 c:/winavr-20100110/bin/../lib/gcc/avr/4.3.3/../../../../avr/lib/avr51/crtm128.o
 .bss           0x0080013e        0x1 main.o
                0x0080013e                Mode
 .bss           0x0080013f        0x0 timer.o
 .bss           0x0080013f        0x0 uart.o
 .bss           0x0080013f        0x7 Packet.o
                0x00800142                RXcnt
                0x0080013f                TXflag
                0x00800143                nPAGE
                0x00800140                RXLENGTH
                0x00800141                RXstate
 .bss           0x00800146        0x0 Stepmotor.o
 .bss           0x00800146        0x0 c:/winavr-20100110/bin/../lib/gcc/avr/4.3.3/../../../../avr/lib/avr51\libc.a(exit.o)
 .bss           0x00800146        0x0 c:/winavr-20100110/bin/../lib/gcc/avr/4.3.3/avr51\libgcc.a(_udivmodqi4.o)
 .bss           0x00800146        0x0 c:/winavr-20100110/bin/../lib/gcc/avr/4.3.3/avr51\libgcc.a(_udivmodhi4.o)
 .bss           0x00800146        0x0 c:/winavr-20100110/bin/../lib/gcc/avr/4.3.3/avr51\libgcc.a(_udivmodsi4.o)
 .bss           0x00800146        0x0 c:/winavr-20100110/bin/../lib/gcc/avr/4.3.3/avr51\libgcc.a(_exit.o)
 .bss           0x00800146        0x0 c:/winavr-20100110/bin/../lib/gcc/avr/4.3.3/avr51\libgcc.a(_clear_bss.o)
 *(.bss*)
 *(COMMON)
 COMMON         0x00800146       0x6f main.o
                0x00800146                pContext
                0x0080017a                moveflag
                0x0080017b                pPacket
 COMMON         0x008001b5      0x301 Packet.o
                0x008001b5                CoordinateZ
                0x008002b5                PAGEcnt
                0x008002b6                CoordinateX
                0x008003b6                CoordinateY
 COMMON         0x008004b6        0x4 Stepmotor.o
                0x008004b6                YCD
                0x008004b7                nYCD
                0x008004b8                XCD
                0x008004b9                nXCD
                0x008004ba                PROVIDE (__bss_end, .)
                0x00000d7a                __data_load_start = LOADADDR (.data)
                0x00000db8                __data_load_end = (__data_load_start + SIZEOF (.data))

.noinit         0x008004ba        0x0
                0x008004ba                PROVIDE (__noinit_start, .)
 *(.noinit*)
                0x008004ba                PROVIDE (__noinit_end, .)
                0x008004ba                _end = .
                0x008004ba                PROVIDE (__heap_start, .)

.eeprom         0x00810000        0x0
 *(.eeprom*)
                0x00810000                __eeprom_end = .

.fuse
 *(.fuse)
 *(.lfuse)
 *(.hfuse)
 *(.efuse)

.lock
 *(.lock*)

.signature
 *(.signature*)

.stab
 *(.stab)

.stabstr
 *(.stabstr)

.stab.excl
 *(.stab.excl)

.stab.exclstr
 *(.stab.exclstr)

.stab.index
 *(.stab.index)

.stab.indexstr
 *(.stab.indexstr)

.comment
 *(.comment)

.debug
 *(.debug)

.line
 *(.line)

.debug_srcinfo
 *(.debug_srcinfo)

.debug_sfnames
 *(.debug_sfnames)

.debug_aranges  0x00000000       0xa0
 *(.debug_aranges)
 .debug_aranges
                0x00000000       0x20 main.o
 .debug_aranges
                0x00000020       0x20 timer.o
 .debug_aranges
                0x00000040       0x20 uart.o
 .debug_aranges
                0x00000060       0x20 Packet.o
 .debug_aranges
                0x00000080       0x20 Stepmotor.o

.debug_pubnames
                0x00000000      0x39a
 *(.debug_pubnames)
 .debug_pubnames
                0x00000000       0x78 main.o
 .debug_pubnames
                0x00000078       0x61 timer.o
 .debug_pubnames
                0x000000d9      0x11c uart.o
 .debug_pubnames
                0x000001f5       0xf9 Packet.o
 .debug_pubnames
                0x000002ee       0xac Stepmotor.o

.debug_info     0x00000000     0x105f
 *(.debug_info)
 .debug_info    0x00000000      0x2cd main.o
 .debug_info    0x000002cd      0x106 timer.o
 .debug_info    0x000003d3      0x408 uart.o
 .debug_info    0x000007db      0x4e6 Packet.o
 .debug_info    0x00000cc1      0x39e Stepmotor.o
 *(.gnu.linkonce.wi.*)

.debug_abbrev   0x00000000      0x63e
 *(.debug_abbrev)
 .debug_abbrev  0x00000000      0x120 main.o
 .debug_abbrev  0x00000120       0x83 timer.o
 .debug_abbrev  0x000001a3      0x149 uart.o
 .debug_abbrev  0x000002ec      0x202 Packet.o
 .debug_abbrev  0x000004ee      0x150 Stepmotor.o

.debug_line     0x00000000      0xd8d
 *(.debug_line)
 .debug_line    0x00000000      0x1cb main.o
 .debug_line    0x000001cb      0x16f timer.o
 .debug_line    0x0000033a      0x3de uart.o
 .debug_line    0x00000718      0x38f Packet.o
 .debug_line    0x00000aa7      0x2e6 Stepmotor.o

.debug_frame    0x00000000      0x250
 *(.debug_frame)
 .debug_frame   0x00000000       0x50 main.o
 .debug_frame   0x00000050       0x60 timer.o
 .debug_frame   0x000000b0       0xd0 uart.o
 .debug_frame   0x00000180       0x70 Packet.o
 .debug_frame   0x000001f0       0x60 Stepmotor.o

.debug_str      0x00000000      0x618
 *(.debug_str)
 .debug_str     0x00000000      0x1ad main.o
                                0x1e6 (size before relaxing)
 .debug_str     0x000001ad       0x4d timer.o
                                 0xd7 (size before relaxing)
 .debug_str     0x000001fa      0x186 uart.o
                                0x215 (size before relaxing)
 .debug_str     0x00000380      0x175 Packet.o
                                0x324 (size before relaxing)
 .debug_str     0x000004f5      0x123 Stepmotor.o
                                0x1f0 (size before relaxing)

.debug_loc      0x00000000      0x777
 *(.debug_loc)
 .debug_loc     0x00000000       0x13 main.o
 .debug_loc     0x00000013      0x430 uart.o
 .debug_loc     0x00000443      0x1fc Packet.o
 .debug_loc     0x0000063f      0x138 Stepmotor.o

.debug_macinfo
 *(.debug_macinfo)
OUTPUT(revdata.elf elf32-avr)
LOAD linker stubs

.debug_ranges   0x00000000      0x168
 .debug_ranges  0x00000000      0x168 Stepmotor.o
